# MSEVB output  |  fix evb  |  every 1 steps

==============================================================================================================================================================================================================================================================================================================
  Timestep 0               nstates=22  (parallel=21  serial=0)
==============================================================================================================================================================================================================================================================================================================

Reactive states: 21
  state    tag_X    initiator1    initiator2  parent  type    transfer chain
  -----  -------  ------------  ------------  ------  ------  -----------------------------
      1        1             4           653       0  para    1-4--653[r0]
      2        1             2           212       0  para    1-2--212[r0]
      3        1             3            35       0  para    1-3--35[r0]
      4      653           654           611       1  para    1-4--653[r0], 653-654--611[r0]
      5      653           655           746       1  para    1-4--653[r0], 653-655--746[r0]
      6      212           213           392       2  para    1-2--212[r0], 212-213--392[r0]
      7      212           214           737       2  para    1-2--212[r0], 212-214--737[r0]
      8       35            36            38       3  para    1-3--35[r0], 35-36--38[r0]
      9       35            37            83       3  para    1-3--35[r0], 35-37--83[r0]
     10      611           612           692       4  para    1-4--653[r0], 653-654--611[r0], 611-612--692[r0]
     11      611           613           293       4  para    1-4--653[r0], 653-654--611[r0], 611-613--293[r0]
     12      746           747           101       5  para    1-4--653[r0], 653-655--746[r0], 746-747--101[r0]
     13      746           748           272       5  para    1-4--653[r0], 653-655--746[r0], 746-748--272[r0]
     14      392           393           383       6  para    1-2--212[r0], 212-213--392[r0], 392-393--383[r0]
     15      392           394           158       6  para    1-2--212[r0], 212-213--392[r0], 392-394--158[r0]
     16      737           738           218       7  para    1-2--212[r0], 212-214--737[r0], 737-738--218[r0]
     17      737           739            38       7  para    1-2--212[r0], 212-214--737[r0], 737-739--38[r0]
     18       38            39           329       8  para    1-3--35[r0], 35-36--38[r0], 38-39--329[r0]
     19       38            40           446       8  para    1-3--35[r0], 35-36--38[r0], 38-40--446[r0]
     20       83            84           140       9  para    1-3--35[r0], 35-37--83[r0], 83-84--140[r0]
     21       83            85           242       9  para    1-3--35[r0], 35-37--83[r0], 83-85--242[r0]

Hamiltonian
             |            0            1            2            3            4            5            6            7            8            9           10           11           12           13           14           15           16           17           18           19           20           21
  -----------+----------------------------------------------------------------------------------------------------------------------------------------------------------------------------------------------------------------------------------------------------------------------------------------------
     0 ref   |  -115.362949     0.218431     0.234838     0.204161            .            .            .            .            .            .            .            .            .            .            .            .            .            .            .            .            .            .
     1 para  |     0.218431  -113.352515            .            .     0.001010     0.002062            .            .            .            .            .            .            .            .            .            .            .            .            .            .            .            .
     2 para  |     0.234838            .  -113.425905            .            .            .     0.000226     0.000441            .            .            .            .            .            .            .            .            .            .            .            .            .            .
     3 para  |     0.204161            .            .  -113.286391            .            .            .            .     0.000000     0.000000            .            .            .            .            .            .            .            .            .            .            .            .
     4 para  |            .     0.001010            .            .  -108.527566            .            .            .            .            .     0.000000     0.000000            .            .            .            .            .            .            .            .            .            .
     5 para  |            .     0.002062            .            .            .  -108.588863            .            .            .            .            .            .     0.000003     0.000000            .            .            .            .            .            .            .            .
     6 para  |            .            .     0.000226            .            .            .  -107.810364            .            .            .            .            .            .            .     0.000000     0.000000            .            .            .            .            .            .
     7 para  |            .            .     0.000441            .            .            .            .  -108.053232            .            .            .            .            .            .            .            .     0.000000     0.000000            .            .            .            .
     8 para  |            .            .            .     0.000000            .            .            .            .  -105.342809            .            .            .            .            .            .            .            .            .     0.000000     0.000000            .            .
     9 para  |            .            .            .     0.000000            .            .            .            .            .  -105.321135            .            .            .            .            .            .            .            .            .            .     0.000000     0.000000
    10 para  |            .            .            .            .     0.000000            .            .            .            .            .   -76.758361            .            .            .            .            .            .            .            .            .            .            .
    11 para  |            .            .            .            .     0.000000            .            .            .            .            .            .   -77.147029            .            .            .            .            .            .            .            .            .            .
    12 para  |            .            .            .            .            .     0.000003            .            .            .            .            .            .  -101.631621            .            .            .            .            .            .            .            .            .
    13 para  |            .            .            .            .            .     0.000000            .            .            .            .            .            .            .  -100.933887            .            .            .            .            .            .            .            .
    14 para  |            .            .            .            .            .            .     0.000000            .            .            .            .            .            .            .   -99.521726            .            .            .            .            .            .            .
    15 para  |            .            .            .            .            .            .     0.000000            .            .            .            .            .            .            .            .   -98.067551            .            .            .            .            .            .
    16 para  |            .            .            .            .            .            .            .     0.000000            .            .            .            .            .            .            .            .   -96.359218            .            .            .            .            .
    17 para  |            .            .            .            .            .            .            .     0.000000            .            .            .            .            .            .            .            .            .   -97.423689            .            .            .            .
    18 para  |            .            .            .            .            .            .            .            .     0.000000            .            .            .            .            .            .            .            .            .   -92.874102            .            .            .
    19 para  |            .            .            .            .            .            .            .            .     0.000000            .            .            .            .            .            .            .            .            .            .   -92.577702            .            .
    20 para  |            .            .            .            .            .            .            .            .            .     0.000000            .            .            .            .            .            .            .            .            .            .   -95.613430            .
    21 para  |            .            .            .            .            .            .            .            .            .     0.000000            .            .            .            .            .            .            .            .            .            .            .   -94.738156

Eigenvalues and ground-state amplitudes:
  state  eigenvalue (E_n)       |c_n|^2
  -----  ----------------  ------------
      0     -115.43278331    0.96733731
      1     -113.40839774    0.01066514
      2     -113.33222509    0.01324563
      3     -113.25435472    0.00875193
      4     -108.58886198    0.00000000
      5     -108.52756628    0.00000000
      6     -108.05323159    0.00000000
      7     -107.81036358    0.00000000
      8     -105.34280876    0.00000000
      9     -105.32113460    0.00000000
     10     -101.63162109    0.00000000
     11     -100.93388666    0.00000000
     12      -99.52172572    0.00000000
     13      -98.06755089    0.00000000
     14      -97.42368935    0.00000000
     15      -96.35921825    0.00000000
     16      -95.61342995    0.00000000
     17      -94.73815590    0.00000000
     18      -92.87410164    0.00000000
     19      -92.57770156    0.00000000
     20      -77.14702918    0.00000000
     21      -76.75836121    0.00000000

  E_ground = -115.4327833138 

 Ground state's predominant contributor is state 0 with amplitude 0.96733731
 No reference topology update required
