# MSEVB output  |  fix evb  |  every 1 steps

==========================================
  Timestep 0               nstates=2  (parallel=1  serial=0)
==========================================

Reactive states: 1
  state    tag_X    initiator1    initiator2  parent  type    transfer chain
  -----  -------  ------------  ------------  ------  ------  -----------------------------
      1       13             1             2       0  para    13-1--2[r0]

Hamiltonian
             |            0            1
  -----------+--------------------------
     0 ref   |  -31398.592046     0.011102
     1 para  |     0.011102  -31385.822899

Eigenvalues and ground-state amplitudes:
  state  eigenvalue (E_n)       |c_n|^2
  -----  ----------------  ------------
      0   -31398.59205614    0.99999924
      1   -31385.82288929    0.00000076

  E_ground = -31398.5920561372 

 Ground state's predominant contributor is state 0 with amplitude 0.99999924
 No reference topology update required
