# MSEVB output  |  fix evb  |  every 1 steps

===========================================================================================================
  Timestep 0               nstates=7  (parallel=6  serial=0)
===========================================================================================================

Reactive states: 6
  state    tag_X    initiator1    initiator2  parent  type    transfer chain
  -----  -------  ------------  ------------  ------  ------  -----------------------------
      1     None           540           554       0  para    0-540--554[r0]
      2     None           540           526       0  para    0-540--526[r0]
      3     None           540           538       0  para    0-540--538[r0]
      4     None           540           556       0  para    0-540--556[r0]
      5     None           540           524       0  para    0-540--524[r0]
      6     None           540           542       0  para    0-540--542[r0]

Hamiltonian
             |            0            1            2            3            4            5            6
  -----------+-------------------------------------------------------------------------------------------
     0 ref   |  -12541.566656            .            .            .            .            .            .
     1 para  |            .  -12540.827847            .            .            .            .            .
     2 para  |            .            .  -12541.554820            .            .            .            .
     3 para  |            .            .            .  -12540.827862            .            .            .
     4 para  |            .            .            .            .  -12541.047704            .            .
     5 para  |            .            .            .            .            .  -12541.047428            .
     6 para  |            .            .            .            .            .            .  -12541.554990

Fermi-Dirac mixing  (T = 300 K):
  state    eigenvalue (E_n)      occ(E_n)  occ * E_n
  -----  ------------------  ------------  -----------------
      0     -12541.56665571    0.40194059     -5040.96475041
      1     -12541.55498967    0.29971657     -3758.91180628
      2     -12541.55482024    0.29834284     -3741.68303921
      3     -12541.04770414    0.00000000        -0.00001613
      4     -12541.04742759    0.00000000        -0.00001596
      5     -12540.82786245    0.00000000        -0.00000000
      6     -12540.82784694    0.00000000        -0.00000000

  E_mixed = sum_k occ(E_k)*E_k = -12541.5596280062

EVB state amplitudes  (diagonal of density matrix):
  state     rho[i][i]
  -----  ------------
      0    0.40194059
      1    0.00000000
      2    0.29834284
      3    0.00000000
      4    0.00000000
      5    0.00000000
      6    0.29971657

 Ground state's predominant contributor is state 0 with amplitude 0.40194059
 No reference topology update required
