# MSEVB output  |  fix evb  |  every 1 steps

==============================================================================================================================================================================================================================================================================================================
  Timestep 0               nstates=22  (parallel=21  serial=0)
==============================================================================================================================================================================================================================================================================================================

Reactive states: 21
  state    tag_X    initiator1    initiator2  parent  type    transfer chain
  -----  -------  ------------  ------------  ------  ------  -----------------------------
      1        1             4           653       0  para    1-4--653[r0]
      2        1             2           212       0  para    1-2--212[r0]
      3        1             3            35       0  para    1-3--35[r0]
      4      653           654           611       1  para    1-4--653[r0], 653-654--611[r0]
      5      653           655           746       1  para    1-4--653[r0], 653-655--746[r0]
      6      212           213           392       2  para    1-2--212[r0], 212-213--392[r0]
      7      212           214           737       2  para    1-2--212[r0], 212-214--737[r0]
      8       35            36            38       3  para    1-3--35[r0], 35-36--38[r0]
      9       35            37            83       3  para    1-3--35[r0], 35-37--83[r0]
     10      611           612           692       4  para    1-4--653[r0], 653-654--611[r0], 611-612--692[r0]
     11      611           613           293       4  para    1-4--653[r0], 653-654--611[r0], 611-613--293[r0]
     12      746           747           101       5  para    1-4--653[r0], 653-655--746[r0], 746-747--101[r0]
     13      746           748           272       5  para    1-4--653[r0], 653-655--746[r0], 746-748--272[r0]
     14      392           393           383       6  para    1-2--212[r0], 212-213--392[r0], 392-393--383[r0]
     15      392           394           158       6  para    1-2--212[r0], 212-213--392[r0], 392-394--158[r0]
     16      737           738           218       7  para    1-2--212[r0], 212-214--737[r0], 737-738--218[r0]
     17      737           739            38       7  para    1-2--212[r0], 212-214--737[r0], 737-739--38[r0]
     18       38            39           329       8  para    1-3--35[r0], 35-36--38[r0], 38-39--329[r0]
     19       38            40           446       8  para    1-3--35[r0], 35-36--38[r0], 38-40--446[r0]
     20       83            84           140       9  para    1-3--35[r0], 35-37--83[r0], 83-84--140[r0]
     21       83            85           242       9  para    1-3--35[r0], 35-37--83[r0], 83-85--242[r0]

Hamiltonian
             |            0            1            2            3            4            5            6            7            8            9           10           11           12           13           14           15           16           17           18           19           20           21
  -----------+----------------------------------------------------------------------------------------------------------------------------------------------------------------------------------------------------------------------------------------------------------------------------------------------
     0 ref   |  -115.362949     0.400287     0.380075     0.359896            .            .            .            .            .            .            .            .            .            .            .            .            .            .            .            .            .            .
     1 para  |     0.400287  -113.352515            .            .     0.120153     0.323973            .            .            .            .            .            .            .            .            .            .            .            .            .            .            .            .
     2 para  |     0.380075            .  -113.425905            .            .            .     0.333201     0.313103            .            .            .            .            .            .            .            .            .            .            .            .            .            .
     3 para  |     0.359896            .            .  -113.286391            .            .            .            .     0.290832     0.301315            .            .            .            .            .            .            .            .            .            .            .            .
     4 para  |            .     0.120153            .            .  -108.527566            .            .            .            .            .     0.327981     0.322922            .            .            .            .            .            .            .            .            .            .
     5 para  |            .     0.323973            .            .            .  -108.588863            .            .            .            .            .            .     0.312769     0.316364            .            .            .            .            .            .            .            .
     6 para  |            .            .     0.333201            .            .            .  -107.810364            .            .            .            .            .            .            .     0.314693     0.286458            .            .            .            .            .            .
     7 para  |            .            .     0.313103            .            .            .            .  -108.053232            .            .            .            .            .            .            .            .     0.289229     0.272223            .            .            .            .
     8 para  |            .            .            .     0.290832            .            .            .            .  -105.342809            .            .            .            .            .            .            .            .            .     0.301820     0.299073            .            .
     9 para  |            .            .            .     0.301315            .            .            .            .            .  -105.321135            .            .            .            .            .            .            .            .            .            .     0.304092     0.249258
    10 para  |            .            .            .            .     0.327981            .            .            .            .            .   -76.758361            .            .            .            .            .            .            .            .            .            .            .
    11 para  |            .            .            .            .     0.322922            .            .            .            .            .            .   -77.147029            .            .            .            .            .            .            .            .            .            .
    12 para  |            .            .            .            .            .     0.312769            .            .            .            .            .            .  -101.631621            .            .            .            .            .            .            .            .            .
    13 para  |            .            .            .            .            .     0.316364            .            .            .            .            .            .            .  -100.933887            .            .            .            .            .            .            .            .
    14 para  |            .            .            .            .            .            .     0.314693            .            .            .            .            .            .            .   -99.521726            .            .            .            .            .            .            .
    15 para  |            .            .            .            .            .            .     0.286458            .            .            .            .            .            .            .            .   -98.067551            .            .            .            .            .            .
    16 para  |            .            .            .            .            .            .            .     0.289229            .            .            .            .            .            .            .            .   -96.359218            .            .            .            .            .
    17 para  |            .            .            .            .            .            .            .     0.272223            .            .            .            .            .            .            .            .            .   -97.423689            .            .            .            .
    18 para  |            .            .            .            .            .            .            .            .     0.301820            .            .            .            .            .            .            .            .            .   -92.874102            .            .            .
    19 para  |            .            .            .            .            .            .            .            .     0.299073            .            .            .            .            .            .            .            .            .            .   -92.577702            .            .
    20 para  |            .            .            .            .            .            .            .            .            .     0.304092            .            .            .            .            .            .            .            .            .            .   -95.613430            .
    21 para  |            .            .            .            .            .            .            .            .            .     0.249258            .            .            .            .            .            .            .            .            .            .            .   -94.738156

Eigenvalues and ground-state amplitudes:
  state  eigenvalue (E_n)       |c_n|^2
  -----  ----------------  ------------
      0     -115.56190075    0.91619699
      1     -113.43793203    0.03054583
      2     -113.34277660    0.02976778
      3     -113.17025985    0.02326805
      4     -108.59486599    0.00000893
      5     -108.53023997    0.00006620
      6     -108.05062812    0.00005516
      7     -107.80945715    0.00005188
      8     -105.35112374    0.00001888
      9     -105.32045624    0.00002017
     10     -101.61785925    0.00000000
     11     -100.92058128    0.00000000
     12      -99.50986479    0.00000003
     13      -98.05907063    0.00000003
     14      -97.41676970    0.00000002
     15      -96.35202305    0.00000001
     16      -95.60397841    0.00000001
     17      -94.73222697    0.00000001
     18      -92.86697417    0.00000000
     19      -92.57052769    0.00000000
     20      -77.14373574    0.00000000
     21      -76.75494691    0.00000000

  E_ground = -115.5619007489 

 Ground state's predominant contributor is state 0 with amplitude 0.91619699
 No reference topology update required
