# MSEVB output  |  fix evb  |  every 1 steps

===========================================================================================================
  Timestep 0               nstates=7  (parallel=6  serial=0)
===========================================================================================================

Reactive states: 6
  state    tag_X    initiator1    initiator2  parent  type    transfer chain
  -----  -------  ------------  ------------  ------  ------  -----------------------------
      1     None           548           562       0  para    0-548--562[r0]
      2     None           548           534       0  para    0-548--534[r0]
      3     None           548           564       0  para    0-548--564[r0]
      4     None           548           546       0  para    0-548--546[r0]
      5     None           548           550       0  para    0-548--550[r0]
      6     None           548           532       0  para    0-548--532[r0]

Hamiltonian
             |            0            1            2            3            4            5            6
  -----------+-------------------------------------------------------------------------------------------
     0 ref   |  -12540.442349            .            .            .            .            .            .
     1 para  |            .  -12540.442354            .            .            .            .            .
     2 para  |            .            .  -12540.445482            .            .            .            .
     3 para  |            .            .            .  -12540.415305            .            .            .
     4 para  |            .            .            .            .  -12540.560180            .            .
     5 para  |            .            .            .            .            .  -12540.443089            .
     6 para  |            .            .            .            .            .            .  -12540.522195

Fermi-Dirac mixing  (T = 300 K):
  state    eigenvalue (E_n)      occ(E_n)  occ * E_n
  -----  ------------------  ------------  -----------------
      0     -12540.56017970    0.63425771     -7953.94697200
      1     -12540.52219459    0.28520213     -3576.58367185
      2     -12540.44548207    0.02011103      -252.20125864
      3     -12540.44308879    0.01836546      -230.31102251
      4     -12540.44235416    0.01786011      -223.97370804
      5     -12540.44234934    0.01785684      -223.93273453
      6     -12540.41530550    0.00634671       -79.59039386

  E_mixed = sum_k occ(E_k)*E_k = -12540.5397614381

EVB state amplitudes  (diagonal of density matrix):
  state     rho[i][i]
  -----  ------------
      0    0.01785684
      1    0.01786011
      2    0.02011103
      3    0.00634671
      4    0.63425771
      5    0.01836546
      6    0.28520213

 Ground state's predominant contributor is state 4 with amplitude 0.63425771
 Reference topology is updated from state 0 to state 4

===========================================================================================================
  Timestep 0               nstates=7  (parallel=6  serial=0)
===========================================================================================================

Reactive states: 6
  state    tag_X    initiator1    initiator2  parent  type    transfer chain
  -----  -------  ------------  ------------  ------  ------  -----------------------------
      1     None           546           560       0  para    0-546--560[r0]
      2     None           546           532       0  para    0-546--532[r0]
      3     None           546           562       0  para    0-546--562[r0]
      4     None           546           548       0  para    0-546--548[r0]
      5     None           546           558       0  para    0-546--558[r0]
      6     None           546           544       0  para    0-546--544[r0]

Hamiltonian
             |            0            1            2            3            4            5            6
  -----------+-------------------------------------------------------------------------------------------
     0 ref   |  -12540.560180            .            .            .            .            .            .
     1 para  |            .  -12540.523047            .            .            .            .            .
     2 para  |            .            .  -12540.522195            .            .            .            .
     3 para  |            .            .            .  -12540.442354            .            .            .
     4 para  |            .            .            .            .  -12540.442349            .            .
     5 para  |            .            .            .            .            .  -12540.823878            .
     6 para  |            .            .            .            .            .            .  -12540.821765

Fermi-Dirac mixing  (T = 300 K):
  state    eigenvalue (E_n)      occ(E_n)  occ * E_n
  -----  ------------------  ------------  -----------------
      0     -12540.82387787    0.51018433     -6398.13184048
      1     -12540.82176533    0.48975805     -6141.96835438
      2     -12540.56017970    0.00003870        -0.48536153
      3     -12540.52304670    0.00000920        -0.11541723
      4     -12540.52219459    0.00000891        -0.11167499
      5     -12540.44235416    0.00000041        -0.00508977
      6     -12540.44234934    0.00000041        -0.00508882

  E_mixed = sum_k occ(E_k)*E_k = -12540.8228272063

EVB state amplitudes  (diagonal of density matrix):
  state     rho[i][i]
  -----  ------------
      0    0.00003870
      1    0.00000920
      2    0.00000891
      3    0.00000041
      4    0.00000041
      5    0.51018433
      6    0.48975805

 Ground state's predominant contributor is state 5 with amplitude 0.51018433
 Reference topology is updated from state 0 to state 5

===========================================================================================================
  Timestep 0               nstates=7  (parallel=6  serial=0)
===========================================================================================================

Reactive states: 6
  state    tag_X    initiator1    initiator2  parent  type    transfer chain
  -----  -------  ------------  ------------  ------  ------  -----------------------------
      1     None           558           542       0  para    0-558--542[r0]
      2     None           558           556       0  para    0-558--556[r0]
      3     None           558           544       0  para    0-558--544[r0]
      4     None           558           572       0  para    0-558--572[r0]
      5     None           558           546       0  para    0-558--546[r0]
      6     None           558           560       0  para    0-558--560[r0]

Hamiltonian
             |            0            1            2            3            4            5            6
  -----------+-------------------------------------------------------------------------------------------
     0 ref   |  -12540.823878            .            .            .            .            .            .
     1 para  |            .  -12541.554990            .            .            .            .            .
     2 para  |            .            .  -12541.047704            .            .            .            .
     3 para  |            .            .            .  -12540.821765            .            .            .
     4 para  |            .            .            .            .  -12540.618529            .            .
     5 para  |            .            .            .            .            .  -12540.560180            .
     6 para  |            .            .            .            .            .            .  -12540.523047

Fermi-Dirac mixing  (T = 300 K):
  state    eigenvalue (E_n)      occ(E_n)  occ * E_n
  -----  ------------------  ------------  -----------------
      0     -12541.55498967    0.99994517    -12540.86729758
      1     -12541.04770414    0.00005481        -0.68743472
      2     -12540.82387787    0.00000001        -0.00011944
      3     -12540.82176533    0.00000001        -0.00011006
      4     -12540.61852866    0.00000000        -0.00000004
      5     -12540.56017970    0.00000000        -0.00000000
      6     -12540.52304670    0.00000000        -0.00000000

  E_mixed = sum_k occ(E_k)*E_k = -12541.5549618466

EVB state amplitudes  (diagonal of density matrix):
  state     rho[i][i]
  -----  ------------
      0    0.00000001
      1    0.99994517
      2    0.00005481
      3    0.00000001
      4    0.00000000
      5    0.00000000
      6    0.00000000

 Ground state's predominant contributor is state 1 with amplitude 0.99994517
 Reference topology is updated from state 0 to state 1

===========================================================================================================
  Timestep 0               nstates=7  (parallel=6  serial=0)
===========================================================================================================

Reactive states: 6
  state    tag_X    initiator1    initiator2  parent  type    transfer chain
  -----  -------  ------------  ------------  ------  ------  -----------------------------
      1     None           542           544       0  para    0-542--544[r0]
      2     None           542           558       0  para    0-542--558[r0]
      3     None           542           556       0  para    0-542--556[r0]
      4     None           542           528       0  para    0-542--528[r0]
      5     None           542           526       0  para    0-542--526[r0]
      6     None           542           540       0  para    0-542--540[r0]

Hamiltonian
             |            0            1            2            3            4            5            6
  -----------+-------------------------------------------------------------------------------------------
     0 ref   |  -12541.554990            .            .            .            .            .            .
     1 para  |            .  -12540.821765            .            .            .            .            .
     2 para  |            .            .  -12540.823878            .            .            .            .
     3 para  |            .            .            .  -12541.047704            .            .            .
     4 para  |            .            .            .            .  -12541.039597            .            .
     5 para  |            .            .            .            .            .  -12541.554820            .
     6 para  |            .            .            .            .            .            .  -12541.566656

Fermi-Dirac mixing  (T = 300 K):
  state    eigenvalue (E_n)      occ(E_n)  occ * E_n
  -----  ------------------  ------------  -----------------
      0     -12541.56665571    0.40194059     -5040.96475996
      1     -12541.55498967    0.29971657     -3758.91179980
      2     -12541.55482024    0.29834284     -3741.68304031
      3     -12541.04770414    0.00000000        -0.00001613
      4     -12541.03959704    0.00000000        -0.00001179
      5     -12540.82387787    0.00000000        -0.00000000
      6     -12540.82176533    0.00000000        -0.00000000

  E_mixed = sum_k occ(E_k)*E_k = -12541.5596280051

EVB state amplitudes  (diagonal of density matrix):
  state     rho[i][i]
  -----  ------------
      0    0.29971657
      1    0.00000000
      2    0.00000000
      3    0.00000000
      4    0.00000000
      5    0.29834284
      6    0.40194059

 Ground state's predominant contributor is state 6 with amplitude 0.40194059
 Reference topology is updated from state 0 to state 6
