# DATE: 2019-09-18 CONTRIBUTOR: Mary Alice Cusentino mcusent@sandia.gov CITATION: M.A. Wood, M.A. Cusentino, B.D. Wirth, and A.P. Thompson, "Data-driven material models for atomistic simulation", Physical Review B 99, 184305 (2019) 
# Definition of SNAP+ZBL potential.
variable zblcutinner equal 4
variable zblcutouter equal 4.2
variable zblz1 equal 49
variable zblz2 equal 15

# Specify hybrid with SNAP, ZBL, and long-range Coulomb

pair_style hybrid/overlay &
zbl ${zblcutinner} ${zblcutouter} &
snap
pair_coeff 1 1 zbl ${zblz1} ${zblz1}
pair_coeff 1 2 zbl ${zblz1} ${zblz2}
pair_coeff 2 2 zbl ${zblz2} ${zblz2}
pair_coeff * * snap InP_Cusentino_PRB2020.snapcoeff InP_Cusentino_PRB2020.snapparam In P
